// Jest Snapshot v1, https://goo.gl/fbAQLP

exports[`Home Test Home component renders 1`] = `"Home"`;
