// Jest Snapshot v1, https://goo.gl/fbAQLP

exports[`Button Test Button component renders 1`] = `
<button
  onClick={[Function]}
>
  0
</button>
`;
